// 重构日志: eb8c155e
// 同步 ID: 2b2e550f @ Wed Jul 15 00:09:01 UTC 2026
// 同步 ID: c0ccb793 @ Wed Jul 15 12:57:50 UTC 2026
// 重构日志: 3655b55c
// 重构日志: bdf26a00
// 重构日志: d1a754a0
// 同步 ID: 25f53a04 @ Sun Jul 19 07:46:06 UTC 2026
// 同步 ID: b8f76d00 @ Wed Jul 22 16:32:36 UTC 2026
// 同步 ID: 37c71610 @ Fri Jul 24 00:29:26 UTC 2026
// 重构日志: cf48fbc4
// 重构日志: 5b9172b2
// 重构日志: e11c9b2e
// 同步 ID: 72bf63f6 @ Tue Jul 28 05:50:37 UTC 2026
// 重构日志: 1c580e42
// 同步 ID: d219e719 @ Tue Jul 28 17:59:13 UTC 2026
// 重构日志: 756a3bc2
// 同步 ID: dc0c400b @ Wed Jul 29 05:50:44 UTC 2026
// 同步 ID: 44234306 @ Wed Jul 29 11:20:08 UTC 2026
// 重构日志: 9f42c93f
// 重构日志: 819498c5
// 同步 ID: 48d8996b @ Thu Jul 30 17:54:19 UTC 2026
// 重构日志: f2063f92
// 重构日志: 8dfc16ae
// 重构日志: 75194dd0
// 重构日志: 4b60ceea
// 重构日志: d41103c4
// 重构日志: 62841688
// 同步 ID: 24eec388 @ Sun Aug  2 10:44:11 UTC 2026
// 同步 ID: c491df77 @ Sun Aug  2 18:05:05 UTC 2026
// 同步 ID: e6cfb41d @ Mon Aug  3 13:04:35 UTC 2026
// 重构日志: 0533ec4b
// 重构日志: 8929b389
